
> openbrowserclaw@0.1.0 dev
> vite


  VITE v6.4.1  ready in 392 ms

  ➜  Local:   http://localhost:5173/
  ➜  Network: use --host to expose
/*! 🌼 daisyUI 5.5.19 */

PWA v0.21.2
mode      generateSW
precache  2 entries (0.12 KiB)
files generated
  dev-dist/sw.js
  dev-dist/workbox-5a5d9309.js
10:47:26 AM [vite] (client) hmr update /src/components/settings/SettingsPage.tsx, /src/app.css
10:47:50 AM [vite] (client) hmr update /src/components/tasks/TasksPage.tsx, /src/app.css
10:53:21 AM [vite] (client) page reload src/config.ts
10:53:33 AM [vite] (client) page reload src/types.ts
10:53:57 AM [vite] (client) hmr update /src/App.tsx, /src/app.css
10:55:44 AM [vite] (client) page reload src/config.ts
10:55:51 AM [vite] (client) hmr update /src/app.css
10:56:11 AM [vite] (client) page reload src/agent-worker.ts
